/*C2*/SET SCHEMA PUBLIC
INSERT INTO STUDENTS VALUES(1,'Student_1','Name_1')
COMMIT
INSERT INTO STUDENTS VALUES(2,'Student_2','Name_2')
COMMIT
INSERT INTO STUDENTS VALUES(3,'Student_3','Name_3')
COMMIT
INSERT INTO STUDENTS VALUES(4,'Student_4','Name_4')
COMMIT
INSERT INTO STUDENTS VALUES(5,'Student_5','Name_5')
COMMIT
INSERT INTO STUDENTS VALUES(6,'Student_6','Name_6')
COMMIT
INSERT INTO STUDENTS VALUES(7,'Student_7','Name_7')
COMMIT
INSERT INTO STUDENTS VALUES(8,'Student_8','Name_8')
COMMIT
INSERT INTO STUDENTS VALUES(9,'Student_9','Name_9')
COMMIT
INSERT INTO STUDENTS VALUES(10,'Student_10','Name_10')
COMMIT
INSERT INTO STUDENTS VALUES(11,'Student_11','Name_11')
COMMIT
INSERT INTO STUDENTS VALUES(12,'Student_12','Name_12')
COMMIT
INSERT INTO STUDENTS VALUES(13,'Student_13','Name_13')
COMMIT
INSERT INTO STUDENTS VALUES(14,'Student_14','Name_14')
COMMIT
INSERT INTO STUDENTS VALUES(15,'Student_15','Name_15')
COMMIT
INSERT INTO STUDENTS VALUES(16,'Student_16','Name_16')
COMMIT
INSERT INTO STUDENTS VALUES(17,'Student_17','Name_17')
COMMIT
INSERT INTO STUDENTS VALUES(18,'Student_18','Name_18')
COMMIT
INSERT INTO STUDENTS VALUES(19,'Student_19','Name_19')
COMMIT
INSERT INTO STUDENTS VALUES(20,'Student_20','Name_20')
COMMIT
INSERT INTO STUDENTS VALUES(21,'Student_21','Name_21')
COMMIT
INSERT INTO STUDENTS VALUES(22,'Student_22','Name_22')
COMMIT
INSERT INTO STUDENTS VALUES(23,'Student_23','Name_23')
COMMIT
INSERT INTO STUDENTS VALUES(24,'Student_24','Name_24')
COMMIT
INSERT INTO STUDENTS VALUES(25,'Student_25','Name_25')
COMMIT
INSERT INTO STUDENTS VALUES(26,'Student_26','Name_26')
COMMIT
INSERT INTO STUDENTS VALUES(27,'Student_27','Name_27')
COMMIT
INSERT INTO STUDENTS VALUES(28,'Student_28','Name_28')
COMMIT
INSERT INTO STUDENTS VALUES(29,'Student_29','Name_29')
COMMIT
INSERT INTO STUDENTS VALUES(30,'Student_30','Name_30')
COMMIT
INSERT INTO STUDENTS VALUES(31,'Student_31','Name_31')
COMMIT
INSERT INTO STUDENTS VALUES(32,'Student_32','Name_32')
COMMIT
INSERT INTO STUDENTS VALUES(33,'Student_33','Name_33')
COMMIT
INSERT INTO STUDENTS VALUES(34,'Student_34','Name_34')
COMMIT
INSERT INTO STUDENTS VALUES(35,'Student_35','Name_35')
COMMIT
INSERT INTO STUDENTS VALUES(36,'Student_36','Name_36')
COMMIT
INSERT INTO STUDENTS VALUES(37,'Student_37','Name_37')
COMMIT
INSERT INTO STUDENTS VALUES(38,'Student_38','Name_38')
COMMIT
INSERT INTO STUDENTS VALUES(39,'Student_39','Name_39')
COMMIT
INSERT INTO STUDENTS VALUES(40,'Student_40','Name_40')
COMMIT
INSERT INTO STUDENTS VALUES(41,'Student_41','Name_41')
COMMIT
INSERT INTO STUDENTS VALUES(42,'Student_42','Name_42')
COMMIT
INSERT INTO STUDENTS VALUES(43,'Student_43','Name_43')
COMMIT
INSERT INTO STUDENTS VALUES(44,'Student_44','Name_44')
COMMIT
INSERT INTO STUDENTS VALUES(45,'Student_45','Name_45')
COMMIT
INSERT INTO STUDENTS VALUES(46,'Student_46','Name_46')
COMMIT
INSERT INTO STUDENTS VALUES(47,'Student_47','Name_47')
COMMIT
INSERT INTO STUDENTS VALUES(48,'Student_48','Name_48')
COMMIT
INSERT INTO STUDENTS VALUES(49,'Student_49','Name_49')
COMMIT
INSERT INTO STUDENTS VALUES(50,'Student_50','Name_50')
COMMIT
INSERT INTO STUDENTS VALUES(51,'Student_51','Name_51')
COMMIT
INSERT INTO STUDENTS VALUES(52,'Student_52','Name_52')
COMMIT
INSERT INTO STUDENTS VALUES(53,'Student_53','Name_53')
COMMIT
INSERT INTO STUDENTS VALUES(54,'Student_54','Name_54')
COMMIT
INSERT INTO STUDENTS VALUES(55,'Student_55','Name_55')
COMMIT
INSERT INTO STUDENTS VALUES(56,'Student_56','Name_56')
COMMIT
INSERT INTO STUDENTS VALUES(57,'Student_57','Name_57')
COMMIT
INSERT INTO STUDENTS VALUES(58,'Student_58','Name_58')
COMMIT
INSERT INTO STUDENTS VALUES(59,'Student_59','Name_59')
COMMIT
INSERT INTO STUDENTS VALUES(60,'Student_60','Name_60')
COMMIT
INSERT INTO STUDENTS VALUES(61,'Student_61','Name_61')
COMMIT
INSERT INTO STUDENTS VALUES(62,'Student_62','Name_62')
COMMIT
INSERT INTO STUDENTS VALUES(63,'Student_63','Name_63')
COMMIT
INSERT INTO STUDENTS VALUES(64,'Student_64','Name_64')
COMMIT
INSERT INTO STUDENTS VALUES(65,'Student_65','Name_65')
COMMIT
INSERT INTO STUDENTS VALUES(66,'Student_66','Name_66')
COMMIT
INSERT INTO STUDENTS VALUES(67,'Student_67','Name_67')
COMMIT
INSERT INTO STUDENTS VALUES(68,'Student_68','Name_68')
COMMIT
INSERT INTO STUDENTS VALUES(69,'Student_69','Name_69')
COMMIT
INSERT INTO STUDENTS VALUES(70,'Student_70','Name_70')
COMMIT
INSERT INTO STUDENTS VALUES(71,'Student_71','Name_71')
COMMIT
INSERT INTO STUDENTS VALUES(72,'Student_72','Name_72')
COMMIT
INSERT INTO STUDENTS VALUES(73,'Student_73','Name_73')
COMMIT
INSERT INTO STUDENTS VALUES(74,'Student_74','Name_74')
COMMIT
INSERT INTO STUDENTS VALUES(75,'Student_75','Name_75')
COMMIT
INSERT INTO STUDENTS VALUES(76,'Student_76','Name_76')
COMMIT
INSERT INTO STUDENTS VALUES(77,'Student_77','Name_77')
COMMIT
INSERT INTO STUDENTS VALUES(78,'Student_78','Name_78')
COMMIT
INSERT INTO STUDENTS VALUES(79,'Student_79','Name_79')
COMMIT
INSERT INTO STUDENTS VALUES(80,'Student_80','Name_80')
COMMIT
INSERT INTO STUDENTS VALUES(81,'Student_81','Name_81')
COMMIT
INSERT INTO STUDENTS VALUES(82,'Student_82','Name_82')
COMMIT
INSERT INTO STUDENTS VALUES(83,'Student_83','Name_83')
COMMIT
INSERT INTO STUDENTS VALUES(84,'Student_84','Name_84')
COMMIT
INSERT INTO STUDENTS VALUES(85,'Student_85','Name_85')
COMMIT
INSERT INTO STUDENTS VALUES(86,'Student_86','Name_86')
COMMIT
INSERT INTO STUDENTS VALUES(87,'Student_87','Name_87')
COMMIT
INSERT INTO STUDENTS VALUES(88,'Student_88','Name_88')
COMMIT
INSERT INTO STUDENTS VALUES(89,'Student_89','Name_89')
COMMIT
INSERT INTO STUDENTS VALUES(90,'Student_90','Name_90')
COMMIT
INSERT INTO STUDENTS VALUES(91,'Student_91','Name_91')
COMMIT
INSERT INTO STUDENTS VALUES(92,'Student_92','Name_92')
COMMIT
INSERT INTO STUDENTS VALUES(93,'Student_93','Name_93')
COMMIT
INSERT INTO STUDENTS VALUES(94,'Student_94','Name_94')
COMMIT
INSERT INTO STUDENTS VALUES(95,'Student_95','Name_95')
COMMIT
INSERT INTO STUDENTS VALUES(96,'Student_96','Name_96')
COMMIT
INSERT INTO STUDENTS VALUES(97,'Student_97','Name_97')
COMMIT
INSERT INTO STUDENTS VALUES(98,'Student_98','Name_98')
COMMIT
INSERT INTO STUDENTS VALUES(99,'Student_99','Name_99')
COMMIT
INSERT INTO STUDENTS VALUES(100,'Student_100','Name_100')
COMMIT
INSERT INTO QUESTIONS VALUES(1,'MCQ Question 1','mcq')
COMMIT
INSERT INTO QUESTIONS VALUES(2,'MCQ Question 2','mcq')
COMMIT
INSERT INTO QUESTIONS VALUES(3,'MCQ Question 3','mcq')
COMMIT
INSERT INTO QUESTIONS VALUES(4,'MCQ Question 4','mcq')
COMMIT
INSERT INTO QUESTIONS VALUES(5,'MCQ Question 5','mcq')
COMMIT
INSERT INTO QUESTIONS VALUES(6,'MCQ Question 6','mcq')
COMMIT
INSERT INTO QUESTIONS VALUES(7,'MCQ Question 7','mcq')
COMMIT
INSERT INTO QUESTIONS VALUES(8,'MCQ Question 8','mcq')
COMMIT
INSERT INTO QUESTIONS VALUES(9,'MCQ Question 9','mcq')
COMMIT
INSERT INTO QUESTIONS VALUES(10,'MCQ Question 10','mcq')
COMMIT
INSERT INTO QUESTIONS VALUES(11,'Essay Question 11','essay')
COMMIT
INSERT INTO QUESTIONS VALUES(12,'Essay Question 12','essay')
COMMIT
INSERT INTO QUESTIONS VALUES(13,'Essay Question 13','essay')
COMMIT
INSERT INTO QUESTIONS VALUES(14,'Essay Question 14','essay')
COMMIT
INSERT INTO QUESTIONS VALUES(15,'Essay Question 15','essay')
COMMIT
INSERT INTO ANSWERS VALUES(1,1,'Answer 1 for question 1',TRUE)
COMMIT
INSERT INTO ANSWERS VALUES(2,1,'Answer 2 for question 1',FALSE)
COMMIT
INSERT INTO ANSWERS VALUES(3,1,'Answer 3 for question 1',FALSE)
COMMIT
INSERT INTO ANSWERS VALUES(4,1,'Answer 4 for question 1',FALSE)
COMMIT
INSERT INTO ANSWERS VALUES(5,2,'Answer 1 for question 2',TRUE)
COMMIT
INSERT INTO ANSWERS VALUES(6,2,'Answer 2 for question 2',FALSE)
COMMIT
INSERT INTO ANSWERS VALUES(7,2,'Answer 3 for question 2',FALSE)
COMMIT
INSERT INTO ANSWERS VALUES(8,2,'Answer 4 for question 2',FALSE)
COMMIT
INSERT INTO ANSWERS VALUES(9,3,'Answer 1 for question 3',TRUE)
COMMIT
INSERT INTO ANSWERS VALUES(10,3,'Answer 2 for question 3',FALSE)
COMMIT
INSERT INTO ANSWERS VALUES(11,3,'Answer 3 for question 3',FALSE)
COMMIT
INSERT INTO ANSWERS VALUES(12,3,'Answer 4 for question 3',FALSE)
COMMIT
INSERT INTO ANSWERS VALUES(13,4,'Answer 1 for question 4',TRUE)
COMMIT
INSERT INTO ANSWERS VALUES(14,4,'Answer 2 for question 4',FALSE)
COMMIT
INSERT INTO ANSWERS VALUES(15,4,'Answer 3 for question 4',FALSE)
COMMIT
INSERT INTO ANSWERS VALUES(16,4,'Answer 4 for question 4',FALSE)
COMMIT
INSERT INTO ANSWERS VALUES(17,5,'Answer 1 for question 5',TRUE)
COMMIT
INSERT INTO ANSWERS VALUES(18,5,'Answer 2 for question 5',FALSE)
COMMIT
INSERT INTO ANSWERS VALUES(19,5,'Answer 3 for question 5',FALSE)
COMMIT
INSERT INTO ANSWERS VALUES(20,5,'Answer 4 for question 5',FALSE)
COMMIT
INSERT INTO ANSWERS VALUES(21,6,'Answer 1 for question 6',TRUE)
COMMIT
INSERT INTO ANSWERS VALUES(22,6,'Answer 2 for question 6',FALSE)
COMMIT
INSERT INTO ANSWERS VALUES(23,6,'Answer 3 for question 6',FALSE)
COMMIT
INSERT INTO ANSWERS VALUES(24,6,'Answer 4 for question 6',FALSE)
COMMIT
INSERT INTO ANSWERS VALUES(25,7,'Answer 1 for question 7',TRUE)
COMMIT
INSERT INTO ANSWERS VALUES(26,7,'Answer 2 for question 7',FALSE)
COMMIT
INSERT INTO ANSWERS VALUES(27,7,'Answer 3 for question 7',FALSE)
COMMIT
INSERT INTO ANSWERS VALUES(28,7,'Answer 4 for question 7',FALSE)
COMMIT
INSERT INTO ANSWERS VALUES(29,8,'Answer 1 for question 8',TRUE)
COMMIT
INSERT INTO ANSWERS VALUES(30,8,'Answer 2 for question 8',FALSE)
COMMIT
INSERT INTO ANSWERS VALUES(31,8,'Answer 3 for question 8',FALSE)
COMMIT
INSERT INTO ANSWERS VALUES(32,8,'Answer 4 for question 8',FALSE)
COMMIT
INSERT INTO ANSWERS VALUES(33,9,'Answer 1 for question 9',TRUE)
COMMIT
INSERT INTO ANSWERS VALUES(34,9,'Answer 2 for question 9',FALSE)
COMMIT
INSERT INTO ANSWERS VALUES(35,9,'Answer 3 for question 9',FALSE)
COMMIT
INSERT INTO ANSWERS VALUES(36,9,'Answer 4 for question 9',FALSE)
COMMIT
INSERT INTO ANSWERS VALUES(37,10,'Answer 1 for question 10',TRUE)
COMMIT
INSERT INTO ANSWERS VALUES(38,10,'Answer 2 for question 10',FALSE)
COMMIT
INSERT INTO ANSWERS VALUES(39,10,'Answer 3 for question 10',FALSE)
COMMIT
INSERT INTO ANSWERS VALUES(40,10,'Answer 4 for question 10',FALSE)
COMMIT
DISCONNECT
